--
-- Test the CREATE statements related to columnar.
--
-- Create uncompressed table
CREATE TABLE contestant (handle TEXT, birthdate DATE, rating INT,
	percentile FLOAT, country CHAR(3), achievements TEXT[])
	USING columnar;
SELECT alter_columnar_table_set('contestant', compression => 'none');
 alter_columnar_table_set
---------------------------------------------------------------------

(1 row)

CREATE INDEX contestant_idx on contestant(handle);
-- Create zstd compressed table
CREATE TABLE contestant_compressed (handle TEXT, birthdate DATE, rating INT,
	percentile FLOAT, country CHAR(3), achievements TEXT[])
	USING columnar;
-- Test that querying an empty table works
ANALYZE contestant;
SELECT count(*) FROM contestant;
 count
---------------------------------------------------------------------
     0
(1 row)

-- Should fail: unlogged tables not supported
CREATE UNLOGGED TABLE columnar_unlogged(i int) USING columnar;
ERROR:  unlogged columnar tables are not supported
CREATE TABLE columnar_table_1 (a int) USING columnar;
INSERT INTO columnar_table_1 VALUES (1);
CREATE MATERIALIZED VIEW columnar_table_1_mv USING columnar
AS SELECT * FROM columnar_table_1;
SELECT columnar_test_helpers.columnar_relation_storageid(oid) AS columnar_table_1_mv_storage_id
FROM pg_class WHERE relname='columnar_table_1_mv' \gset
-- test columnar_relation_set_new_filenode
REFRESH MATERIALIZED VIEW columnar_table_1_mv;
SELECT columnar_test_helpers.columnar_metadata_has_storage_id(:columnar_table_1_mv_storage_id);
 columnar_metadata_has_storage_id
---------------------------------------------------------------------
 f
(1 row)

SELECT columnar_test_helpers.columnar_relation_storageid(oid) AS columnar_table_1_storage_id
FROM pg_class WHERE relname='columnar_table_1' \gset
BEGIN;
  -- test columnar_relation_nontransactional_truncate
  TRUNCATE columnar_table_1;
  SELECT columnar_test_helpers.columnar_metadata_has_storage_id(:columnar_table_1_storage_id);
 columnar_metadata_has_storage_id
---------------------------------------------------------------------
 f
(1 row)

ROLLBACK;
-- since we rollback'ed above xact, should return true
SELECT columnar_test_helpers.columnar_metadata_has_storage_id(:columnar_table_1_storage_id);
 columnar_metadata_has_storage_id
---------------------------------------------------------------------
 t
(1 row)

BEGIN;
  INSERT INTO columnar_table_1 VALUES (2);
ROLLBACK;
INSERT INTO columnar_table_1 VALUES (3),(4);
INSERT INTO columnar_table_1 VALUES (5),(6);
INSERT INTO columnar_table_1 VALUES (7),(8);
-- Test whether columnar metadata accessors are still fine even
-- when the metadata indexes are not available to them.
BEGIN;
  ALTER INDEX columnar.stripe_first_row_number_idx RENAME TO new_index_name;
  ALTER INDEX columnar.chunk_pkey RENAME TO new_index_name_1;
  ALTER INDEX columnar.stripe_pkey RENAME TO new_index_name_2;
  ALTER INDEX columnar.chunk_group_pkey RENAME TO new_index_name_3;
  CREATE INDEX columnar_table_1_idx ON columnar_table_1(a);
WARNING:  Metadata index stripe_first_row_number_idx is not available, this might mean slower read/writes on columnar tables. This is expected during Postgres upgrades and not expected otherwise.
WARNING:  Metadata index stripe_first_row_number_idx is not available, this might mean slower read/writes on columnar tables. This is expected during Postgres upgrades and not expected otherwise.
WARNING:  Metadata index chunk_pkey is not available, this might mean slower read/writes on columnar tables. This is expected during Postgres upgrades and not expected otherwise.
WARNING:  Metadata index chunk_group_pkey is not available, this might mean slower read/writes on columnar tables. This is expected during Postgres upgrades and not expected otherwise.
  -- make sure that we test index scan
  SET LOCAL columnar.enable_custom_scan TO 'off';
  SET LOCAL enable_seqscan TO off;
  SET LOCAL seq_page_cost TO 10000000;
  SELECT * FROM columnar_table_1 WHERE a = 6;
WARNING:  Metadata index stripe_first_row_number_idx is not available, this might mean slower read/writes on columnar tables. This is expected during Postgres upgrades and not expected otherwise.
 a
---------------------------------------------------------------------
 6
(1 row)

  SELECT * FROM columnar_table_1 WHERE a = 5;
 a
---------------------------------------------------------------------
 5
(1 row)

  SELECT * FROM columnar_table_1 WHERE a = 7;
 a
---------------------------------------------------------------------
 7
(1 row)

  SELECT * FROM columnar_table_1 WHERE a = 3;
 a
---------------------------------------------------------------------
 3
(1 row)

  DROP INDEX columnar_table_1_idx;
  -- Re-shuffle some metadata records to test whether we can
  -- rely on sequential metadata scan when the metadata records
  -- are not ordered by their "first_row_number"s.
  WITH cte AS (
      DELETE FROM columnar.stripe
      WHERE storage_id = :columnar_table_1_storage_id
      RETURNING *
  )
  INSERT INTO columnar.stripe SELECT * FROM cte ORDER BY first_row_number DESC;
  SELECT SUM(a) FROM columnar_table_1;
 sum
---------------------------------------------------------------------
  34
(1 row)

  SELECT * FROM columnar_table_1 WHERE a = 6;
 a
---------------------------------------------------------------------
 6
(1 row)

  -- Run a SELECT query after the INSERT command to force flushing the
  -- data within the xact block.
  INSERT INTO columnar_table_1 VALUES (20);
  SELECT COUNT(*) FROM columnar_table_1;
WARNING:  Metadata index stripe_pkey is not available, this might mean slower read/writes on columnar tables. This is expected during Postgres upgrades and not expected otherwise.
 count
---------------------------------------------------------------------
     8
(1 row)

  DROP TABLE columnar_table_1 CASCADE;
NOTICE:  drop cascades to materialized view columnar_table_1_mv
WARNING:  Metadata index on a columnar metadata table is not available, this might mean slower read/writes on columnar tables. This is expected during Postgres upgrades and not expected otherwise.
ROLLBACK;
-- test dropping columnar table
DROP TABLE columnar_table_1 CASCADE;
NOTICE:  drop cascades to materialized view columnar_table_1_mv
SELECT columnar_test_helpers.columnar_metadata_has_storage_id(:columnar_table_1_storage_id);
 columnar_metadata_has_storage_id
---------------------------------------------------------------------
 f
(1 row)

-- test temporary columnar tables
-- Should work: temporary tables are supported
CREATE TEMPORARY TABLE columnar_temp(i int) USING columnar;
-- reserve some chunks and a stripe
INSERT INTO columnar_temp SELECT i FROM generate_series(1,5) i;
SELECT columnar_test_helpers.columnar_relation_storageid(oid) AS columnar_temp_storage_id
FROM pg_class WHERE relname='columnar_temp' \gset
SELECT pg_backend_pid() AS val INTO old_backend_pid;
\c - - - :master_port
-- wait until old backend to expire to make sure that temp table cleanup is complete
SELECT columnar_test_helpers.pg_waitpid(val) FROM old_backend_pid;
 pg_waitpid
---------------------------------------------------------------------

(1 row)

DROP TABLE old_backend_pid;
-- show that temporary table itself and it's metadata is removed
SELECT COUNT(*)=0 FROM pg_class WHERE relname='columnar_temp';
 ?column?
---------------------------------------------------------------------
 t
(1 row)

SELECT columnar_test_helpers.columnar_metadata_has_storage_id(:columnar_temp_storage_id);
 columnar_metadata_has_storage_id
---------------------------------------------------------------------
 f
(1 row)

-- connect to another session and create a temp table with same name
CREATE TEMPORARY TABLE columnar_temp(i int) USING columnar;
-- reserve some chunks and a stripe
INSERT INTO columnar_temp SELECT i FROM generate_series(1,5) i;
-- test basic select
SELECT COUNT(*) FROM columnar_temp WHERE i < 5;
 count
---------------------------------------------------------------------
     4
(1 row)

SELECT columnar_test_helpers.columnar_relation_storageid(oid) AS columnar_temp_storage_id
FROM pg_class WHERE relname='columnar_temp' \gset
BEGIN;
  DROP TABLE columnar_temp;
  -- show that we drop stripes properly
  SELECT columnar_test_helpers.columnar_metadata_has_storage_id(:columnar_temp_storage_id);
 columnar_metadata_has_storage_id
---------------------------------------------------------------------
 f
(1 row)

ROLLBACK;
-- make sure that table is not dropped yet since we rollbacked above xact
SELECT COUNT(*)=1 FROM pg_class WHERE relname='columnar_temp';
 ?column?
---------------------------------------------------------------------
 t
(1 row)

-- show that we preserve the stripe of the temp columanar table after rollback
SELECT columnar_test_helpers.columnar_metadata_has_storage_id(:columnar_temp_storage_id);
 columnar_metadata_has_storage_id
---------------------------------------------------------------------
 t
(1 row)

-- drop it for next tests
DROP TABLE columnar_temp;
BEGIN;
  CREATE TEMPORARY TABLE columnar_temp(i int) USING columnar ON COMMIT DROP;
  -- force flushing stripe
  INSERT INTO columnar_temp SELECT i FROM generate_series(1,150000) i;
  SELECT columnar_test_helpers.columnar_relation_storageid(oid) AS columnar_temp_storage_id
  FROM pg_class WHERE relname='columnar_temp' \gset
COMMIT;
-- make sure that table & it's stripe is dropped after commiting above xact
SELECT COUNT(*)=0 FROM pg_class WHERE relname='columnar_temp';
 ?column?
---------------------------------------------------------------------
 t
(1 row)

SELECT columnar_test_helpers.columnar_metadata_has_storage_id(:columnar_temp_storage_id);
 columnar_metadata_has_storage_id
---------------------------------------------------------------------
 f
(1 row)

BEGIN;
  CREATE TEMPORARY TABLE columnar_temp(i int) USING columnar ON COMMIT DELETE ROWS;
  -- force flushing stripe
  INSERT INTO columnar_temp SELECT i FROM generate_series(1,150000) i;
  SELECT columnar_test_helpers.columnar_relation_storageid(oid) AS columnar_temp_storage_id
  FROM pg_class WHERE relname='columnar_temp' \gset
COMMIT;
-- make sure that table is not dropped but it's rows's are deleted after commiting above xact
SELECT COUNT(*)=1 FROM pg_class WHERE relname='columnar_temp';
 ?column?
---------------------------------------------------------------------
 t
(1 row)

SELECT COUNT(*)=0 FROM columnar_temp;
 ?column?
---------------------------------------------------------------------
 t
(1 row)

-- since we deleted all the rows, we shouldn't have any stripes for table
SELECT columnar_test_helpers.columnar_metadata_has_storage_id(:columnar_temp_storage_id);
 columnar_metadata_has_storage_id
---------------------------------------------------------------------
 f
(1 row)

